// Jest Snapshot v1, https://goo.gl/fbAQLP

exports[`<AHeader/> renders 1`] = `
<View
  collapsable={true}
  pointerEvents="box-none"
  style={
    Object {
      "flex": 1,
    }
  }
>
  <View>
    <View
      accessibilityLabel="header"
      style={
        Array [
          Object {
            "alignItems": "center",
            "backgroundColor": "hsla(225, 6%, 13%, 1)",
            "flexBasis": 0,
            "flexGrow": 1,
            "flexShrink": 1,
            "justifyContent": "center",
          },
        ]
      }
      theme={
        Object {
          "danger": "hsla(12.2, 81.9%, 54.8%, 1)",
          "dark": "hsla(225, 6%, 13%, 1)",
          "fontBold": "fira-code-bold",
          "fontColor": "hsla(225, 6%, 13%, 1)",
          "fontItalic": "dank-mono-italic",
          "fontRegular": "dank-mono",
          "lighterDark": "hsla(225, 9%, 16%, 1)",
          "primary": "hsla(225, 6%, 13%, 1)",
          "primaryDark": "hsla(232, 14%, 10%, 1)",
          "success": "hsla(133.6, 97%, 77.5%, 1)",
          "title": "Home",
        }
      }
    />
  </View>
</View>
`;
